mode: set
github.com/t402-io/t402/services/facilitator/cmd/facilitator/main.go:49.13,59.16 6 0
github.com/t402-io/t402/services/facilitator/cmd/facilitator/main.go:59.16,63.3 3 0
github.com/t402-io/t402/services/facilitator/cmd/facilitator/main.go:63.8,65.3 1 0
github.com/t402-io/t402/services/facilitator/cmd/facilitator/main.go:68.2,69.16 2 0
github.com/t402-io/t402/services/facilitator/cmd/facilitator/main.go:69.16,71.3 1 0
github.com/t402-io/t402/services/facilitator/cmd/facilitator/main.go:74.2,75.13 2 0
github.com/t402-io/t402/services/facilitator/cmd/facilitator/main.go:79.71,86.29 3 0
github.com/t402-io/t402/services/facilitator/cmd/facilitator/main.go:86.29,131.23 5 0
github.com/t402-io/t402/services/facilitator/cmd/facilitator/main.go:131.23,133.4 1 0
github.com/t402-io/t402/services/facilitator/cmd/facilitator/main.go:134.3,134.23 1 0
github.com/t402-io/t402/services/facilitator/cmd/facilitator/main.go:134.23,136.4 1 0
github.com/t402-io/t402/services/facilitator/cmd/facilitator/main.go:137.3,137.23 1 0
github.com/t402-io/t402/services/facilitator/cmd/facilitator/main.go:137.23,139.4 1 0
github.com/t402-io/t402/services/facilitator/cmd/facilitator/main.go:139.9,142.18 2 0
github.com/t402-io/t402/services/facilitator/cmd/facilitator/main.go:142.18,144.5 1 0
github.com/t402-io/t402/services/facilitator/cmd/facilitator/main.go:146.4,147.31 2 0
github.com/t402-io/t402/services/facilitator/cmd/facilitator/main.go:147.31,148.20 1 0
github.com/t402-io/t402/services/facilitator/cmd/facilitator/main.go:148.20,151.6 2 0
github.com/t402-io/t402/services/facilitator/cmd/facilitator/main.go:154.4,154.28 1 0
github.com/t402-io/t402/services/facilitator/cmd/facilitator/main.go:154.28,160.5 3 0
github.com/t402-io/t402/services/facilitator/cmd/facilitator/main.go:163.4,164.37 2 0
github.com/t402-io/t402/services/facilitator/cmd/facilitator/main.go:164.37,165.20 1 0
github.com/t402-io/t402/services/facilitator/cmd/facilitator/main.go:165.20,168.6 2 0
github.com/t402-io/t402/services/facilitator/cmd/facilitator/main.go:171.4,171.34 1 0
github.com/t402-io/t402/services/facilitator/cmd/facilitator/main.go:171.34,177.5 3 0
github.com/t402-io/t402/services/facilitator/cmd/facilitator/main.go:181.4,182.31 2 0
github.com/t402-io/t402/services/facilitator/cmd/facilitator/main.go:182.31,183.20 1 0
github.com/t402-io/t402/services/facilitator/cmd/facilitator/main.go:183.20,185.6 1 0
github.com/t402-io/t402/services/facilitator/cmd/facilitator/main.go:187.4,187.32 1 0
github.com/t402-io/t402/services/facilitator/cmd/facilitator/main.go:187.32,193.5 3 0
github.com/t402-io/t402/services/facilitator/cmd/facilitator/main.go:195.8,197.3 1 0
github.com/t402-io/t402/services/facilitator/cmd/facilitator/main.go:200.2,200.27 1 0
github.com/t402-io/t402/services/facilitator/cmd/facilitator/main.go:200.27,208.17 2 0
github.com/t402-io/t402/services/facilitator/cmd/facilitator/main.go:208.17,210.4 1 0
github.com/t402-io/t402/services/facilitator/cmd/facilitator/main.go:210.9,214.55 2 0
github.com/t402-io/t402/services/facilitator/cmd/facilitator/main.go:214.55,218.5 3 0
github.com/t402-io/t402/services/facilitator/cmd/facilitator/main.go:218.10,218.31 1 0
github.com/t402-io/t402/services/facilitator/cmd/facilitator/main.go:218.31,220.5 1 0
github.com/t402-io/t402/services/facilitator/cmd/facilitator/main.go:223.4,223.62 1 0
github.com/t402-io/t402/services/facilitator/cmd/facilitator/main.go:223.62,227.5 3 0
github.com/t402-io/t402/services/facilitator/cmd/facilitator/main.go:227.10,227.38 1 0
github.com/t402-io/t402/services/facilitator/cmd/facilitator/main.go:227.38,229.5 1 0
github.com/t402-io/t402/services/facilitator/cmd/facilitator/main.go:231.4,231.28 1 0
github.com/t402-io/t402/services/facilitator/cmd/facilitator/main.go:231.28,233.5 1 0
github.com/t402-io/t402/services/facilitator/cmd/facilitator/main.go:235.8,237.3 1 0
github.com/t402-io/t402/services/facilitator/cmd/facilitator/main.go:240.2,240.30 1 0
github.com/t402-io/t402/services/facilitator/cmd/facilitator/main.go:240.30,242.17 2 0
github.com/t402-io/t402/services/facilitator/cmd/facilitator/main.go:242.17,244.4 1 0
github.com/t402-io/t402/services/facilitator/cmd/facilitator/main.go:244.9,260.22 10 0
github.com/t402-io/t402/services/facilitator/cmd/facilitator/main.go:260.22,262.5 1 0
github.com/t402-io/t402/services/facilitator/cmd/facilitator/main.go:264.8,266.3 1 0
github.com/t402-io/t402/services/facilitator/cmd/facilitator/main.go:269.2,269.29 1 0
github.com/t402-io/t402/services/facilitator/cmd/facilitator/main.go:269.29,271.17 2 0
github.com/t402-io/t402/services/facilitator/cmd/facilitator/main.go:271.17,273.4 1 0
github.com/t402-io/t402/services/facilitator/cmd/facilitator/main.go:273.9,286.22 8 0
github.com/t402-io/t402/services/facilitator/cmd/facilitator/main.go:286.22,288.5 1 0
github.com/t402-io/t402/services/facilitator/cmd/facilitator/main.go:290.8,292.3 1 0
github.com/t402-io/t402/services/facilitator/cmd/facilitator/main.go:295.2,295.23 1 0
github.com/t402-io/t402/services/facilitator/cmd/facilitator/main.go:295.23,305.31 5 0
github.com/t402-io/t402/services/facilitator/cmd/facilitator/main.go:305.31,308.4 2 0
github.com/t402-io/t402/services/facilitator/cmd/facilitator/main.go:310.3,311.79 2 0
github.com/t402-io/t402/services/facilitator/cmd/facilitator/main.go:312.8,314.3 1 0
github.com/t402-io/t402/services/facilitator/cmd/facilitator/main.go:317.2,317.24 1 0
github.com/t402-io/t402/services/facilitator/cmd/facilitator/main.go:317.24,327.32 5 0
github.com/t402-io/t402/services/facilitator/cmd/facilitator/main.go:327.32,330.4 2 0
github.com/t402-io/t402/services/facilitator/cmd/facilitator/main.go:332.3,333.81 2 0
github.com/t402-io/t402/services/facilitator/cmd/facilitator/main.go:334.8,336.3 1 0
github.com/t402-io/t402/services/facilitator/cmd/facilitator/main.go:339.2,339.24 1 0
github.com/t402-io/t402/services/facilitator/cmd/facilitator/main.go:339.24,349.32 5 0
github.com/t402-io/t402/services/facilitator/cmd/facilitator/main.go:349.32,352.4 2 0
github.com/t402-io/t402/services/facilitator/cmd/facilitator/main.go:354.3,355.81 2 0
github.com/t402-io/t402/services/facilitator/cmd/facilitator/main.go:356.8,358.3 1 0
github.com/t402-io/t402/services/facilitator/cmd/facilitator/main.go:361.2,361.39 1 0
github.com/t402-io/t402/services/facilitator/cmd/facilitator/main.go:361.39,371.39 5 0
github.com/t402-io/t402/services/facilitator/cmd/facilitator/main.go:371.39,374.4 2 0
github.com/t402-io/t402/services/facilitator/cmd/facilitator/main.go:376.3,377.87 2 0
github.com/t402-io/t402/services/facilitator/cmd/facilitator/main.go:378.8,380.3 1 0
github.com/t402-io/t402/services/facilitator/cmd/facilitator/main.go:383.2,383.29 1 0
github.com/t402-io/t402/services/facilitator/cmd/facilitator/main.go:383.29,393.36 5 0
github.com/t402-io/t402/services/facilitator/cmd/facilitator/main.go:393.36,396.4 2 0
github.com/t402-io/t402/services/facilitator/cmd/facilitator/main.go:398.3,399.116 2 0
github.com/t402-io/t402/services/facilitator/cmd/facilitator/main.go:400.8,402.3 1 0
github.com/t402-io/t402/services/facilitator/cmd/facilitator/main.go:405.2,405.34 1 0
github.com/t402-io/t402/services/facilitator/cmd/facilitator/main.go:405.34,407.3 1 0
github.com/t402-io/t402/services/facilitator/cmd/facilitator/main.go:409.2,412.80 2 0
github.com/t402-io/t402/services/facilitator/cmd/facilitator/main.go:412.80,416.3 2 0
github.com/t402-io/t402/services/facilitator/cmd/facilitator/main.go:418.2,418.80 1 0
github.com/t402-io/t402/services/facilitator/cmd/facilitator/main.go:418.80,422.3 2 0
github.com/t402-io/t402/services/facilitator/cmd/facilitator/main.go:424.2,424.127 1 0
github.com/t402-io/t402/services/facilitator/cmd/facilitator/main.go:424.127,427.3 2 0
github.com/t402-io/t402/services/facilitator/cmd/facilitator/main.go:429.2,429.127 1 0
github.com/t402-io/t402/services/facilitator/cmd/facilitator/main.go:429.127,432.3 2 0
github.com/t402-io/t402/services/facilitator/cmd/facilitator/main.go:434.2,434.25 1 0
github.com/t402-io/t402/services/facilitator/cmd/facilitator/main.go:438.19,454.2 15 0
github.com/t402-io/t402/services/facilitator/cmd/facilitator/main.go:469.98,474.16 3 0
github.com/t402-io/t402/services/facilitator/cmd/facilitator/main.go:474.16,476.3 1 0
github.com/t402-io/t402/services/facilitator/cmd/facilitator/main.go:478.2,482.16 3 0
github.com/t402-io/t402/services/facilitator/cmd/facilitator/main.go:482.16,484.3 1 0
github.com/t402-io/t402/services/facilitator/cmd/facilitator/main.go:487.2,489.16 3 0
github.com/t402-io/t402/services/facilitator/cmd/facilitator/main.go:489.16,491.3 1 0
github.com/t402-io/t402/services/facilitator/cmd/facilitator/main.go:493.2,498.8 1 0
github.com/t402-io/t402/services/facilitator/cmd/facilitator/main.go:501.56,503.2 1 0
github.com/t402-io/t402/services/facilitator/cmd/facilitator/main.go:505.82,507.2 1 0
github.com/t402-io/t402/services/facilitator/cmd/facilitator/main.go:517.17,521.2 1 0
github.com/t402-io/t402/services/facilitator/cmd/facilitator/main.go:529.24,532.16 2 0
github.com/t402-io/t402/services/facilitator/cmd/facilitator/main.go:532.16,534.3 1 0
github.com/t402-io/t402/services/facilitator/cmd/facilitator/main.go:537.2,538.16 2 0
github.com/t402-io/t402/services/facilitator/cmd/facilitator/main.go:538.16,540.3 1 0
github.com/t402-io/t402/services/facilitator/cmd/facilitator/main.go:543.2,551.16 4 0
github.com/t402-io/t402/services/facilitator/cmd/facilitator/main.go:551.16,553.3 1 0
github.com/t402-io/t402/services/facilitator/cmd/facilitator/main.go:556.2,556.22 1 0
github.com/t402-io/t402/services/facilitator/cmd/facilitator/main.go:556.22,557.37 1 0
github.com/t402-io/t402/services/facilitator/cmd/facilitator/main.go:557.37,559.4 1 0
github.com/t402-io/t402/services/facilitator/cmd/facilitator/main.go:560.3,560.53 1 0
github.com/t402-io/t402/services/facilitator/cmd/facilitator/main.go:560.53,562.4 1 0
github.com/t402-io/t402/services/facilitator/cmd/facilitator/main.go:563.3,563.60 1 0
github.com/t402-io/t402/services/facilitator/cmd/facilitator/main.go:567.2,568.13 2 0
github.com/t402-io/t402/services/facilitator/cmd/facilitator/main.go:568.13,570.3 1 0
github.com/t402-io/t402/services/facilitator/cmd/facilitator/main.go:572.2,573.16 2 0
github.com/t402-io/t402/services/facilitator/cmd/facilitator/main.go:573.16,575.3 1 0
github.com/t402-io/t402/services/facilitator/cmd/facilitator/main.go:577.2,577.21 1 0
github.com/t402-io/t402/services/facilitator/cmd/facilitator/main.go:577.21,579.3 1 0
github.com/t402-io/t402/services/facilitator/cmd/facilitator/main.go:581.2,581.17 1 0
github.com/t402-io/t402/services/facilitator/cmd/facilitator/main.go:599.19,602.16 2 0
github.com/t402-io/t402/services/facilitator/cmd/facilitator/main.go:602.16,604.3 1 0
github.com/t402-io/t402/services/facilitator/cmd/facilitator/main.go:607.2,608.16 2 0
github.com/t402-io/t402/services/facilitator/cmd/facilitator/main.go:608.16,610.3 1 0
github.com/t402-io/t402/services/facilitator/cmd/facilitator/main.go:613.2,614.16 2 0
github.com/t402-io/t402/services/facilitator/cmd/facilitator/main.go:614.16,616.3 1 0
github.com/t402-io/t402/services/facilitator/cmd/facilitator/main.go:619.2,620.16 2 0
github.com/t402-io/t402/services/facilitator/cmd/facilitator/main.go:620.16,622.3 1 0
github.com/t402-io/t402/services/facilitator/cmd/facilitator/main.go:625.2,627.16 3 0
github.com/t402-io/t402/services/facilitator/cmd/facilitator/main.go:627.16,631.3 2 0
github.com/t402-io/t402/services/facilitator/cmd/facilitator/main.go:634.2,645.16 3 0
github.com/t402-io/t402/services/facilitator/cmd/facilitator/main.go:645.16,647.3 1 0
github.com/t402-io/t402/services/facilitator/cmd/facilitator/main.go:650.2,651.16 2 0
github.com/t402-io/t402/services/facilitator/cmd/facilitator/main.go:651.16,653.3 1 0
github.com/t402-io/t402/services/facilitator/cmd/facilitator/main.go:655.2,655.35 1 0
github.com/t402-io/t402/services/facilitator/cmd/facilitator/main.go:659.114,667.16 3 0
github.com/t402-io/t402/services/facilitator/cmd/facilitator/main.go:667.16,669.3 1 0
github.com/t402-io/t402/services/facilitator/cmd/facilitator/main.go:672.2,675.33 2 0
github.com/t402-io/t402/services/facilitator/cmd/facilitator/main.go:675.33,677.3 1 0
github.com/t402-io/t402/services/facilitator/cmd/facilitator/main.go:680.2,680.37 1 0
github.com/t402-io/t402/services/facilitator/cmd/facilitator/main.go:680.37,682.3 1 0
github.com/t402-io/t402/services/facilitator/cmd/facilitator/main.go:684.2,684.27 1 0
github.com/t402-io/t402/services/facilitator/cmd/facilitator/main.go:691.19,694.16 2 0
github.com/t402-io/t402/services/facilitator/cmd/facilitator/main.go:694.16,696.3 1 0
github.com/t402-io/t402/services/facilitator/cmd/facilitator/main.go:699.2,700.16 2 0
github.com/t402-io/t402/services/facilitator/cmd/facilitator/main.go:700.16,702.3 1 0
github.com/t402-io/t402/services/facilitator/cmd/facilitator/main.go:705.2,707.16 3 0
github.com/t402-io/t402/services/facilitator/cmd/facilitator/main.go:707.16,711.3 2 0
github.com/t402-io/t402/services/facilitator/cmd/facilitator/main.go:714.2,725.16 3 0
github.com/t402-io/t402/services/facilitator/cmd/facilitator/main.go:725.16,727.3 1 0
github.com/t402-io/t402/services/facilitator/cmd/facilitator/main.go:730.2,731.16 2 0
github.com/t402-io/t402/services/facilitator/cmd/facilitator/main.go:731.16,733.3 1 0
github.com/t402-io/t402/services/facilitator/cmd/facilitator/main.go:735.2,735.35 1 0
github.com/t402-io/t402/services/facilitator/cmd/facilitator/main.go:738.131,742.26 2 0
github.com/t402-io/t402/services/facilitator/cmd/facilitator/main.go:742.26,744.35 2 0
github.com/t402-io/t402/services/facilitator/cmd/facilitator/main.go:744.35,750.4 1 0
github.com/t402-io/t402/services/facilitator/cmd/facilitator/main.go:751.3,751.30 1 0
github.com/t402-io/t402/services/facilitator/cmd/facilitator/main.go:754.2,754.74 1 0
github.com/t402-io/t402/services/facilitator/cmd/facilitator/main.go:757.119,758.88 1 0
github.com/t402-io/t402/services/facilitator/cmd/facilitator/main.go:758.88,761.17 2 0
github.com/t402-io/t402/services/facilitator/cmd/facilitator/main.go:761.17,763.4 1 0
github.com/t402-io/t402/services/facilitator/cmd/facilitator/main.go:764.3,764.22 1 0
github.com/t402-io/t402/services/facilitator/cmd/facilitator/main.go:768.2,771.16 3 0
github.com/t402-io/t402/services/facilitator/cmd/facilitator/main.go:771.16,773.3 1 0
github.com/t402-io/t402/services/facilitator/cmd/facilitator/main.go:775.2,775.42 1 0
github.com/t402-io/t402/services/facilitator/cmd/facilitator/main.go:775.42,777.3 1 0
github.com/t402-io/t402/services/facilitator/cmd/facilitator/main.go:779.2,779.63 1 0
github.com/t402-io/t402/services/facilitator/cmd/facilitator/main.go:782.93,785.16 3 0
github.com/t402-io/t402/services/facilitator/cmd/facilitator/main.go:785.16,787.3 1 0
github.com/t402-io/t402/services/facilitator/cmd/facilitator/main.go:788.2,788.18 1 0
github.com/t402-io/t402/services/facilitator/cmd/facilitator/main.go:802.85,807.2 1 0
github.com/t402-io/t402/services/facilitator/cmd/facilitator/main.go:809.92,813.2 1 0
github.com/t402-io/t402/services/facilitator/cmd/facilitator/main.go:815.136,818.45 2 0
github.com/t402-io/t402/services/facilitator/cmd/facilitator/main.go:818.45,820.3 1 0
github.com/t402-io/t402/services/facilitator/cmd/facilitator/main.go:823.2,831.16 3 0
github.com/t402-io/t402/services/facilitator/cmd/facilitator/main.go:831.16,833.3 1 0
github.com/t402-io/t402/services/facilitator/cmd/facilitator/main.go:836.2,837.16 2 0
github.com/t402-io/t402/services/facilitator/cmd/facilitator/main.go:837.16,839.3 1 0
github.com/t402-io/t402/services/facilitator/cmd/facilitator/main.go:840.2,850.68 3 0
github.com/t402-io/t402/services/facilitator/cmd/facilitator/main.go:850.68,852.3 1 0
github.com/t402-io/t402/services/facilitator/cmd/facilitator/main.go:854.2,854.26 1 0
github.com/t402-io/t402/services/facilitator/cmd/facilitator/main.go:854.26,856.3 1 0
github.com/t402-io/t402/services/facilitator/cmd/facilitator/main.go:858.2,858.29 1 0
github.com/t402-io/t402/services/facilitator/cmd/facilitator/main.go:861.121,864.94 2 0
github.com/t402-io/t402/services/facilitator/cmd/facilitator/main.go:864.94,866.3 1 0
github.com/t402-io/t402/services/facilitator/cmd/facilitator/main.go:869.2,887.16 6 0
github.com/t402-io/t402/services/facilitator/cmd/facilitator/main.go:887.16,889.3 1 0
github.com/t402-io/t402/services/facilitator/cmd/facilitator/main.go:891.2,892.16 2 0
github.com/t402-io/t402/services/facilitator/cmd/facilitator/main.go:892.16,894.3 1 0
github.com/t402-io/t402/services/facilitator/cmd/facilitator/main.go:895.2,906.68 3 0
github.com/t402-io/t402/services/facilitator/cmd/facilitator/main.go:906.68,908.3 1 0
github.com/t402-io/t402/services/facilitator/cmd/facilitator/main.go:910.2,910.26 1 0
github.com/t402-io/t402/services/facilitator/cmd/facilitator/main.go:910.26,912.3 1 0
github.com/t402-io/t402/services/facilitator/cmd/facilitator/main.go:915.2,916.21 2 0
github.com/t402-io/t402/services/facilitator/cmd/facilitator/main.go:930.87,935.2 1 0
github.com/t402-io/t402/services/facilitator/cmd/facilitator/main.go:937.93,941.2 1 0
github.com/t402-io/t402/services/facilitator/cmd/facilitator/main.go:943.121,952.16 4 0
github.com/t402-io/t402/services/facilitator/cmd/facilitator/main.go:952.16,954.3 1 0
github.com/t402-io/t402/services/facilitator/cmd/facilitator/main.go:955.2,957.44 2 0
github.com/t402-io/t402/services/facilitator/cmd/facilitator/main.go:957.44,959.3 1 0
github.com/t402-io/t402/services/facilitator/cmd/facilitator/main.go:961.2,961.38 1 0
github.com/t402-io/t402/services/facilitator/cmd/facilitator/main.go:961.38,963.3 1 0
github.com/t402-io/t402/services/facilitator/cmd/facilitator/main.go:966.2,967.69 2 0
github.com/t402-io/t402/services/facilitator/cmd/facilitator/main.go:967.69,969.3 1 0
github.com/t402-io/t402/services/facilitator/cmd/facilitator/main.go:971.2,971.23 1 0
github.com/t402-io/t402/services/facilitator/cmd/facilitator/main.go:974.122,984.16 4 0
github.com/t402-io/t402/services/facilitator/cmd/facilitator/main.go:984.16,986.3 1 0
github.com/t402-io/t402/services/facilitator/cmd/facilitator/main.go:987.2,989.44 2 0
github.com/t402-io/t402/services/facilitator/cmd/facilitator/main.go:989.44,992.3 1 0
github.com/t402-io/t402/services/facilitator/cmd/facilitator/main.go:994.2,994.38 1 0
github.com/t402-io/t402/services/facilitator/cmd/facilitator/main.go:994.38,996.3 1 0
github.com/t402-io/t402/services/facilitator/cmd/facilitator/main.go:998.2,1004.69 2 0
github.com/t402-io/t402/services/facilitator/cmd/facilitator/main.go:1004.69,1006.3 1 0
github.com/t402-io/t402/services/facilitator/cmd/facilitator/main.go:1008.2,1008.35 1 0
github.com/t402-io/t402/services/facilitator/cmd/facilitator/main.go:1022.87,1031.2 3 0
github.com/t402-io/t402/services/facilitator/cmd/facilitator/main.go:1033.93,1037.2 1 0
github.com/t402-io/t402/services/facilitator/cmd/facilitator/main.go:1039.117,1048.16 4 0
github.com/t402-io/t402/services/facilitator/cmd/facilitator/main.go:1048.16,1050.3 1 0
github.com/t402-io/t402/services/facilitator/cmd/facilitator/main.go:1051.2,1053.44 2 0
github.com/t402-io/t402/services/facilitator/cmd/facilitator/main.go:1053.44,1055.3 1 0
github.com/t402-io/t402/services/facilitator/cmd/facilitator/main.go:1057.2,1057.38 1 0
github.com/t402-io/t402/services/facilitator/cmd/facilitator/main.go:1057.38,1059.3 1 0
github.com/t402-io/t402/services/facilitator/cmd/facilitator/main.go:1062.2,1063.71 2 0
github.com/t402-io/t402/services/facilitator/cmd/facilitator/main.go:1063.71,1065.3 1 0
github.com/t402-io/t402/services/facilitator/cmd/facilitator/main.go:1067.2,1067.26 1 0
github.com/t402-io/t402/services/facilitator/cmd/facilitator/main.go:1067.26,1069.3 1 0
github.com/t402-io/t402/services/facilitator/cmd/facilitator/main.go:1071.2,1071.28 1 0
github.com/t402-io/t402/services/facilitator/cmd/facilitator/main.go:1074.135,1083.16 4 0
github.com/t402-io/t402/services/facilitator/cmd/facilitator/main.go:1083.16,1085.3 1 0
github.com/t402-io/t402/services/facilitator/cmd/facilitator/main.go:1086.2,1088.44 2 0
github.com/t402-io/t402/services/facilitator/cmd/facilitator/main.go:1088.44,1090.3 1 0
github.com/t402-io/t402/services/facilitator/cmd/facilitator/main.go:1092.2,1092.38 1 0
github.com/t402-io/t402/services/facilitator/cmd/facilitator/main.go:1092.38,1094.3 1 0
github.com/t402-io/t402/services/facilitator/cmd/facilitator/main.go:1096.2,1100.69 2 0
github.com/t402-io/t402/services/facilitator/cmd/facilitator/main.go:1100.69,1102.3 1 0
github.com/t402-io/t402/services/facilitator/cmd/facilitator/main.go:1104.2,1104.24 1 0
github.com/t402-io/t402/services/facilitator/cmd/facilitator/main.go:1104.24,1106.3 1 0
github.com/t402-io/t402/services/facilitator/cmd/facilitator/main.go:1108.2,1108.33 1 0
github.com/t402-io/t402/services/facilitator/cmd/facilitator/main.go:1122.101,1127.2 1 0
github.com/t402-io/t402/services/facilitator/cmd/facilitator/main.go:1129.96,1133.2 1 0
github.com/t402-io/t402/services/facilitator/cmd/facilitator/main.go:1135.168,1144.25 4 0
github.com/t402-io/t402/services/facilitator/cmd/facilitator/main.go:1144.25,1146.3 1 0
github.com/t402-io/t402/services/facilitator/cmd/facilitator/main.go:1146.8,1146.28 1 0
github.com/t402-io/t402/services/facilitator/cmd/facilitator/main.go:1146.28,1149.3 2 0
github.com/t402-io/t402/services/facilitator/cmd/facilitator/main.go:1149.8,1151.3 1 0
github.com/t402-io/t402/services/facilitator/cmd/facilitator/main.go:1153.2,1154.16 2 0
github.com/t402-io/t402/services/facilitator/cmd/facilitator/main.go:1154.16,1156.3 1 0
github.com/t402-io/t402/services/facilitator/cmd/facilitator/main.go:1159.2,1160.16 2 0
github.com/t402-io/t402/services/facilitator/cmd/facilitator/main.go:1160.16,1162.3 1 0
github.com/t402-io/t402/services/facilitator/cmd/facilitator/main.go:1163.2,1166.16 3 0
github.com/t402-io/t402/services/facilitator/cmd/facilitator/main.go:1166.16,1168.3 1 0
github.com/t402-io/t402/services/facilitator/cmd/facilitator/main.go:1169.2,1171.38 2 0
github.com/t402-io/t402/services/facilitator/cmd/facilitator/main.go:1171.38,1173.3 1 0
github.com/t402-io/t402/services/facilitator/cmd/facilitator/main.go:1175.2,1181.69 2 0
github.com/t402-io/t402/services/facilitator/cmd/facilitator/main.go:1181.69,1183.3 1 0
github.com/t402-io/t402/services/facilitator/cmd/facilitator/main.go:1185.2,1185.24 1 0
github.com/t402-io/t402/services/facilitator/cmd/facilitator/main.go:1185.24,1187.3 1 0
github.com/t402-io/t402/services/facilitator/cmd/facilitator/main.go:1189.2,1189.26 1 0
github.com/t402-io/t402/services/facilitator/cmd/facilitator/main.go:1189.26,1191.3 1 0
github.com/t402-io/t402/services/facilitator/cmd/facilitator/main.go:1193.2,1193.27 1 0
github.com/t402-io/t402/services/facilitator/cmd/facilitator/main.go:1196.114,1209.16 5 0
github.com/t402-io/t402/services/facilitator/cmd/facilitator/main.go:1209.16,1211.3 1 0
github.com/t402-io/t402/services/facilitator/cmd/facilitator/main.go:1214.2,1215.16 2 0
github.com/t402-io/t402/services/facilitator/cmd/facilitator/main.go:1215.16,1217.3 1 0
github.com/t402-io/t402/services/facilitator/cmd/facilitator/main.go:1218.2,1221.16 3 0
github.com/t402-io/t402/services/facilitator/cmd/facilitator/main.go:1221.16,1223.3 1 0
github.com/t402-io/t402/services/facilitator/cmd/facilitator/main.go:1224.2,1226.38 2 0
github.com/t402-io/t402/services/facilitator/cmd/facilitator/main.go:1226.38,1228.3 1 0
github.com/t402-io/t402/services/facilitator/cmd/facilitator/main.go:1230.2,1241.69 2 0
github.com/t402-io/t402/services/facilitator/cmd/facilitator/main.go:1241.69,1243.3 1 0
github.com/t402-io/t402/services/facilitator/cmd/facilitator/main.go:1245.2,1245.24 1 0
github.com/t402-io/t402/services/facilitator/cmd/facilitator/main.go:1245.24,1247.3 1 0
github.com/t402-io/t402/services/facilitator/cmd/facilitator/main.go:1250.2,1250.45 1 0
github.com/t402-io/t402/services/facilitator/cmd/facilitator/main.go:1250.45,1251.31 1 0
github.com/t402-io/t402/services/facilitator/cmd/facilitator/main.go:1251.31,1253.4 1 0
github.com/t402-io/t402/services/facilitator/cmd/facilitator/main.go:1256.2,1256.17 1 0
github.com/t402-io/t402/services/facilitator/cmd/facilitator/solana_signer.go:24.126,25.25 1 1
github.com/t402-io/t402/services/facilitator/cmd/facilitator/solana_signer.go:25.25,27.3 1 1
github.com/t402-io/t402/services/facilitator/cmd/facilitator/solana_signer.go:30.2,34.16 3 1
github.com/t402-io/t402/services/facilitator/cmd/facilitator/solana_signer.go:34.16,36.3 1 1
github.com/t402-io/t402/services/facilitator/cmd/facilitator/solana_signer.go:40.2,43.32 3 1
github.com/t402-io/t402/services/facilitator/cmd/facilitator/solana_signer.go:43.32,48.3 3 1
github.com/t402-io/t402/services/facilitator/cmd/facilitator/solana_signer.go:48.8,48.39 1 1
github.com/t402-io/t402/services/facilitator/cmd/facilitator/solana_signer.go:48.39,51.3 2 1
github.com/t402-io/t402/services/facilitator/cmd/facilitator/solana_signer.go:51.8,53.3 1 1
github.com/t402-io/t402/services/facilitator/cmd/facilitator/solana_signer.go:55.2,62.22 2 1
github.com/t402-io/t402/services/facilitator/cmd/facilitator/solana_signer.go:62.22,64.3 1 1
github.com/t402-io/t402/services/facilitator/cmd/facilitator/solana_signer.go:64.8,67.3 1 1
github.com/t402-io/t402/services/facilitator/cmd/facilitator/solana_signer.go:69.2,69.21 1 1
github.com/t402-io/t402/services/facilitator/cmd/facilitator/solana_signer.go:69.21,71.3 1 1
github.com/t402-io/t402/services/facilitator/cmd/facilitator/solana_signer.go:71.8,74.3 1 1
github.com/t402-io/t402/services/facilitator/cmd/facilitator/solana_signer.go:77.2,79.20 2 1
github.com/t402-io/t402/services/facilitator/cmd/facilitator/solana_signer.go:82.82,85.16 2 1
github.com/t402-io/t402/services/facilitator/cmd/facilitator/solana_signer.go:85.16,87.3 1 1
github.com/t402-io/t402/services/facilitator/cmd/facilitator/solana_signer.go:89.2,90.9 2 1
github.com/t402-io/t402/services/facilitator/cmd/facilitator/solana_signer.go:90.9,92.3 1 0
github.com/t402-io/t402/services/facilitator/cmd/facilitator/solana_signer.go:94.2,94.20 1 1
github.com/t402-io/t402/services/facilitator/cmd/facilitator/solana_signer.go:97.104,99.2 1 1
github.com/t402-io/t402/services/facilitator/cmd/facilitator/solana_signer.go:101.145,103.35 1 0
github.com/t402-io/t402/services/facilitator/cmd/facilitator/solana_signer.go:103.35,105.3 1 0
github.com/t402-io/t402/services/facilitator/cmd/facilitator/solana_signer.go:108.2,109.16 2 0
github.com/t402-io/t402/services/facilitator/cmd/facilitator/solana_signer.go:109.16,111.3 1 0
github.com/t402-io/t402/services/facilitator/cmd/facilitator/solana_signer.go:114.2,115.16 2 0
github.com/t402-io/t402/services/facilitator/cmd/facilitator/solana_signer.go:115.16,117.3 1 0
github.com/t402-io/t402/services/facilitator/cmd/facilitator/solana_signer.go:120.2,123.65 2 0
github.com/t402-io/t402/services/facilitator/cmd/facilitator/solana_signer.go:123.65,124.30 1 0
github.com/t402-io/t402/services/facilitator/cmd/facilitator/solana_signer.go:124.30,126.4 1 0
github.com/t402-io/t402/services/facilitator/cmd/facilitator/solana_signer.go:127.3,127.13 1 0
github.com/t402-io/t402/services/facilitator/cmd/facilitator/solana_signer.go:129.2,129.16 1 0
github.com/t402-io/t402/services/facilitator/cmd/facilitator/solana_signer.go:129.16,131.3 1 0
github.com/t402-io/t402/services/facilitator/cmd/facilitator/solana_signer.go:133.2,133.12 1 0
github.com/t402-io/t402/services/facilitator/cmd/facilitator/solana_signer.go:136.122,138.16 2 0
github.com/t402-io/t402/services/facilitator/cmd/facilitator/solana_signer.go:138.16,140.3 1 0
github.com/t402-io/t402/services/facilitator/cmd/facilitator/solana_signer.go:143.2,144.16 2 0
github.com/t402-io/t402/services/facilitator/cmd/facilitator/solana_signer.go:144.16,146.3 1 0
github.com/t402-io/t402/services/facilitator/cmd/facilitator/solana_signer.go:149.2,149.29 1 0
github.com/t402-io/t402/services/facilitator/cmd/facilitator/solana_signer.go:149.29,151.3 1 0
github.com/t402-io/t402/services/facilitator/cmd/facilitator/solana_signer.go:153.2,153.12 1 0
github.com/t402-io/t402/services/facilitator/cmd/facilitator/solana_signer.go:156.138,158.16 2 0
github.com/t402-io/t402/services/facilitator/cmd/facilitator/solana_signer.go:158.16,160.3 1 0
github.com/t402-io/t402/services/facilitator/cmd/facilitator/solana_signer.go:163.2,164.16 2 0
github.com/t402-io/t402/services/facilitator/cmd/facilitator/solana_signer.go:164.16,166.3 1 0
github.com/t402-io/t402/services/facilitator/cmd/facilitator/solana_signer.go:168.2,168.17 1 0
github.com/t402-io/t402/services/facilitator/cmd/facilitator/solana_signer.go:171.125,173.16 2 0
github.com/t402-io/t402/services/facilitator/cmd/facilitator/solana_signer.go:173.16,175.3 1 0
github.com/t402-io/t402/services/facilitator/cmd/facilitator/solana_signer.go:178.2,181.35 3 0
github.com/t402-io/t402/services/facilitator/cmd/facilitator/solana_signer.go:181.35,184.17 2 0
github.com/t402-io/t402/services/facilitator/cmd/facilitator/solana_signer.go:184.17,187.12 2 0
github.com/t402-io/t402/services/facilitator/cmd/facilitator/solana_signer.go:190.3,190.58 1 0
github.com/t402-io/t402/services/facilitator/cmd/facilitator/solana_signer.go:190.58,194.25 2 0
github.com/t402-io/t402/services/facilitator/cmd/facilitator/solana_signer.go:194.25,196.5 1 0
github.com/t402-io/t402/services/facilitator/cmd/facilitator/solana_signer.go:199.4,200.66 1 0
github.com/t402-io/t402/services/facilitator/cmd/facilitator/solana_signer.go:200.66,202.5 1 0
github.com/t402-io/t402/services/facilitator/cmd/facilitator/solana_signer.go:205.3,205.10 1 0
github.com/t402-io/t402/services/facilitator/cmd/facilitator/solana_signer.go:206.21,207.73 1 0
github.com/t402-io/t402/services/facilitator/cmd/facilitator/solana_signer.go:208.31,209.12 1 0
github.com/t402-io/t402/services/facilitator/cmd/facilitator/solana_signer.go:213.2,213.86 1 0
github.com/t402-io/t402/services/facilitator/cmd/facilitator/stacks_signer.go:23.78,27.29 3 1
github.com/t402-io/t402/services/facilitator/cmd/facilitator/stacks_signer.go:27.29,30.3 2 1
github.com/t402-io/t402/services/facilitator/cmd/facilitator/stacks_signer.go:32.2,39.3 3 1
github.com/t402-io/t402/services/facilitator/cmd/facilitator/stacks_signer.go:42.73,44.2 1 1
github.com/t402-io/t402/services/facilitator/cmd/facilitator/stacks_signer.go:46.127,53.16 4 0
github.com/t402-io/t402/services/facilitator/cmd/facilitator/stacks_signer.go:53.16,55.3 1 0
github.com/t402-io/t402/services/facilitator/cmd/facilitator/stacks_signer.go:57.2,58.16 2 0
github.com/t402-io/t402/services/facilitator/cmd/facilitator/stacks_signer.go:58.16,60.3 1 0
github.com/t402-io/t402/services/facilitator/cmd/facilitator/stacks_signer.go:61.2,63.44 2 0
github.com/t402-io/t402/services/facilitator/cmd/facilitator/stacks_signer.go:63.44,65.3 1 0
github.com/t402-io/t402/services/facilitator/cmd/facilitator/stacks_signer.go:66.2,66.38 1 0
github.com/t402-io/t402/services/facilitator/cmd/facilitator/stacks_signer.go:66.38,69.3 2 0
github.com/t402-io/t402/services/facilitator/cmd/facilitator/stacks_signer.go:71.2,72.67 2 0
github.com/t402-io/t402/services/facilitator/cmd/facilitator/stacks_signer.go:72.67,74.3 1 0
github.com/t402-io/t402/services/facilitator/cmd/facilitator/stacks_signer.go:76.2,76.21 1 0
github.com/t402-io/t402/services/facilitator/cmd/facilitator/ton_signer.go:57.116,58.20 1 0
github.com/t402-io/t402/services/facilitator/cmd/facilitator/ton_signer.go:58.20,60.3 1 0
github.com/t402-io/t402/services/facilitator/cmd/facilitator/ton_signer.go:63.2,66.44 3 0
github.com/t402-io/t402/services/facilitator/cmd/facilitator/ton_signer.go:66.44,69.17 2 0
github.com/t402-io/t402/services/facilitator/cmd/facilitator/ton_signer.go:69.17,71.4 1 0
github.com/t402-io/t402/services/facilitator/cmd/facilitator/ton_signer.go:72.3,72.44 1 0
github.com/t402-io/t402/services/facilitator/cmd/facilitator/ton_signer.go:73.8,73.29 1 0
github.com/t402-io/t402/services/facilitator/cmd/facilitator/ton_signer.go:73.29,79.3 3 0
github.com/t402-io/t402/services/facilitator/cmd/facilitator/ton_signer.go:79.8,81.3 1 0
github.com/t402-io/t402/services/facilitator/cmd/facilitator/ton_signer.go:83.2,93.22 3 0
github.com/t402-io/t402/services/facilitator/cmd/facilitator/ton_signer.go:93.22,95.3 1 0
github.com/t402-io/t402/services/facilitator/cmd/facilitator/ton_signer.go:96.2,96.22 1 0
github.com/t402-io/t402/services/facilitator/cmd/facilitator/ton_signer.go:96.22,98.3 1 0
github.com/t402-io/t402/services/facilitator/cmd/facilitator/ton_signer.go:100.2,100.20 1 0
github.com/t402-io/t402/services/facilitator/cmd/facilitator/ton_signer.go:107.43,123.2 6 0
github.com/t402-io/t402/services/facilitator/cmd/facilitator/ton_signer.go:126.42,130.2 3 0
github.com/t402-io/t402/services/facilitator/cmd/facilitator/ton_signer.go:133.141,135.16 2 0
github.com/t402-io/t402/services/facilitator/cmd/facilitator/ton_signer.go:135.16,137.3 1 0
github.com/t402-io/t402/services/facilitator/cmd/facilitator/ton_signer.go:140.2,140.23 1 0
github.com/t402-io/t402/services/facilitator/cmd/facilitator/ton_signer.go:140.23,142.3 1 0
github.com/t402-io/t402/services/facilitator/cmd/facilitator/ton_signer.go:143.2,143.23 1 0
github.com/t402-io/t402/services/facilitator/cmd/facilitator/ton_signer.go:143.23,145.3 1 0
github.com/t402-io/t402/services/facilitator/cmd/facilitator/ton_signer.go:147.2,147.20 1 0
github.com/t402-io/t402/services/facilitator/cmd/facilitator/ton_signer.go:150.91,151.42 1 0
github.com/t402-io/t402/services/facilitator/cmd/facilitator/ton_signer.go:151.42,153.3 1 0
github.com/t402-io/t402/services/facilitator/cmd/facilitator/ton_signer.go:155.2,156.35 2 0
github.com/t402-io/t402/services/facilitator/cmd/facilitator/ton_signer.go:156.35,158.3 1 0
github.com/t402-io/t402/services/facilitator/cmd/facilitator/ton_signer.go:159.2,159.14 1 0
github.com/t402-io/t402/services/facilitator/cmd/facilitator/ton_signer.go:162.76,163.46 1 0
github.com/t402-io/t402/services/facilitator/cmd/facilitator/ton_signer.go:163.46,165.3 1 0
github.com/t402-io/t402/services/facilitator/cmd/facilitator/ton_signer.go:166.2,167.16 2 0
github.com/t402-io/t402/services/facilitator/cmd/facilitator/ton_signer.go:167.16,169.3 1 0
github.com/t402-io/t402/services/facilitator/cmd/facilitator/ton_signer.go:170.2,170.29 1 0
github.com/t402-io/t402/services/facilitator/cmd/facilitator/ton_signer.go:174.154,176.16 2 0
github.com/t402-io/t402/services/facilitator/cmd/facilitator/ton_signer.go:176.16,178.3 1 0
github.com/t402-io/t402/services/facilitator/cmd/facilitator/ton_signer.go:180.2,188.16 3 0
github.com/t402-io/t402/services/facilitator/cmd/facilitator/ton_signer.go:188.16,190.3 1 0
github.com/t402-io/t402/services/facilitator/cmd/facilitator/ton_signer.go:192.2,193.16 2 0
github.com/t402-io/t402/services/facilitator/cmd/facilitator/ton_signer.go:193.16,195.3 1 0
github.com/t402-io/t402/services/facilitator/cmd/facilitator/ton_signer.go:196.2,200.16 4 0
github.com/t402-io/t402/services/facilitator/cmd/facilitator/ton_signer.go:200.16,202.3 1 0
github.com/t402-io/t402/services/facilitator/cmd/facilitator/ton_signer.go:203.2,206.16 3 0
github.com/t402-io/t402/services/facilitator/cmd/facilitator/ton_signer.go:206.16,208.3 1 0
github.com/t402-io/t402/services/facilitator/cmd/facilitator/ton_signer.go:210.2,218.55 2 0
github.com/t402-io/t402/services/facilitator/cmd/facilitator/ton_signer.go:218.55,220.3 1 0
github.com/t402-io/t402/services/facilitator/cmd/facilitator/ton_signer.go:222.2,222.26 1 0
github.com/t402-io/t402/services/facilitator/cmd/facilitator/ton_signer.go:222.26,224.3 1 0
github.com/t402-io/t402/services/facilitator/cmd/facilitator/ton_signer.go:226.2,226.28 1 0
github.com/t402-io/t402/services/facilitator/cmd/facilitator/ton_signer.go:229.121,236.16 2 0
github.com/t402-io/t402/services/facilitator/cmd/facilitator/ton_signer.go:236.16,238.3 1 0
github.com/t402-io/t402/services/facilitator/cmd/facilitator/ton_signer.go:241.2,246.16 2 0
github.com/t402-io/t402/services/facilitator/cmd/facilitator/ton_signer.go:246.16,248.3 1 0
github.com/t402-io/t402/services/facilitator/cmd/facilitator/ton_signer.go:250.2,254.62 2 0
github.com/t402-io/t402/services/facilitator/cmd/facilitator/ton_signer.go:254.62,256.3 1 0
github.com/t402-io/t402/services/facilitator/cmd/facilitator/ton_signer.go:258.2,258.64 1 0
github.com/t402-io/t402/services/facilitator/cmd/facilitator/ton_signer.go:258.64,260.3 1 0
github.com/t402-io/t402/services/facilitator/cmd/facilitator/ton_signer.go:263.2,263.91 1 0
github.com/t402-io/t402/services/facilitator/cmd/facilitator/ton_signer.go:263.91,264.52 1 0
github.com/t402-io/t402/services/facilitator/cmd/facilitator/ton_signer.go:264.52,266.43 1 0
github.com/t402-io/t402/services/facilitator/cmd/facilitator/ton_signer.go:266.43,268.5 1 0
github.com/t402-io/t402/services/facilitator/cmd/facilitator/ton_signer.go:269.4,270.18 2 0
github.com/t402-io/t402/services/facilitator/cmd/facilitator/ton_signer.go:270.18,272.5 1 0
github.com/t402-io/t402/services/facilitator/cmd/facilitator/ton_signer.go:276.2,276.17 1 0
github.com/t402-io/t402/services/facilitator/cmd/facilitator/ton_signer.go:279.126,288.16 2 0
github.com/t402-io/t402/services/facilitator/cmd/facilitator/ton_signer.go:288.16,290.3 1 0
github.com/t402-io/t402/services/facilitator/cmd/facilitator/ton_signer.go:292.2,296.62 2 0
github.com/t402-io/t402/services/facilitator/cmd/facilitator/ton_signer.go:296.62,298.3 1 0
github.com/t402-io/t402/services/facilitator/cmd/facilitator/ton_signer.go:300.2,300.32 1 0
github.com/t402-io/t402/services/facilitator/cmd/facilitator/ton_signer.go:300.32,302.3 1 0
github.com/t402-io/t402/services/facilitator/cmd/facilitator/ton_signer.go:304.2,304.34 1 0
github.com/t402-io/t402/services/facilitator/cmd/facilitator/ton_signer.go:304.34,306.3 1 0
github.com/t402-io/t402/services/facilitator/cmd/facilitator/ton_signer.go:309.2,309.87 1 0
github.com/t402-io/t402/services/facilitator/cmd/facilitator/ton_signer.go:309.87,310.47 1 0
github.com/t402-io/t402/services/facilitator/cmd/facilitator/ton_signer.go:310.47,312.4 1 0
github.com/t402-io/t402/services/facilitator/cmd/facilitator/ton_signer.go:315.2,315.71 1 0
github.com/t402-io/t402/services/facilitator/cmd/facilitator/ton_signer.go:318.133,321.16 2 0
github.com/t402-io/t402/services/facilitator/cmd/facilitator/ton_signer.go:321.16,326.3 1 0
github.com/t402-io/t402/services/facilitator/cmd/facilitator/ton_signer.go:329.2,329.23 1 0
github.com/t402-io/t402/services/facilitator/cmd/facilitator/ton_signer.go:329.23,334.3 1 0
github.com/t402-io/t402/services/facilitator/cmd/facilitator/ton_signer.go:342.2,344.8 1 0
github.com/t402-io/t402/services/facilitator/cmd/facilitator/ton_signer.go:347.123,351.16 2 0
github.com/t402-io/t402/services/facilitator/cmd/facilitator/ton_signer.go:351.16,353.3 1 0
github.com/t402-io/t402/services/facilitator/cmd/facilitator/ton_signer.go:355.2,358.60 2 0
github.com/t402-io/t402/services/facilitator/cmd/facilitator/ton_signer.go:358.60,361.3 1 0
github.com/t402-io/t402/services/facilitator/cmd/facilitator/ton_signer.go:363.2,363.27 1 0
github.com/t402-io/t402/services/facilitator/cmd/facilitator/ton_signer.go:363.27,365.3 1 0
github.com/t402-io/t402/services/facilitator/cmd/facilitator/ton_signer.go:367.2,367.23 1 0
github.com/t402-io/t402/services/facilitator/cmd/facilitator/ton_signer.go:370.147,372.18 2 0
github.com/t402-io/t402/services/facilitator/cmd/facilitator/ton_signer.go:372.18,374.3 1 0
github.com/t402-io/t402/services/facilitator/cmd/facilitator/ton_signer.go:376.2,379.34 3 0
github.com/t402-io/t402/services/facilitator/cmd/facilitator/ton_signer.go:379.34,382.49 2 0
github.com/t402-io/t402/services/facilitator/cmd/facilitator/ton_signer.go:382.49,387.4 1 0
github.com/t402-io/t402/services/facilitator/cmd/facilitator/ton_signer.go:389.3,389.10 1 0
github.com/t402-io/t402/services/facilitator/cmd/facilitator/ton_signer.go:390.21,394.10 1 0
github.com/t402-io/t402/services/facilitator/cmd/facilitator/ton_signer.go:395.31,396.12 1 0
github.com/t402-io/t402/services/facilitator/cmd/facilitator/ton_signer.go:400.2,403.8 1 0
github.com/t402-io/t402/services/facilitator/cmd/facilitator/ton_signer.go:406.109,412.16 2 0
github.com/t402-io/t402/services/facilitator/cmd/facilitator/ton_signer.go:412.16,414.3 1 0
github.com/t402-io/t402/services/facilitator/cmd/facilitator/ton_signer.go:416.2,420.62 2 0
github.com/t402-io/t402/services/facilitator/cmd/facilitator/ton_signer.go:420.62,422.3 1 0
github.com/t402-io/t402/services/facilitator/cmd/facilitator/ton_signer.go:424.2,424.32 1 0
github.com/t402-io/t402/services/facilitator/cmd/facilitator/ton_signer.go:424.32,426.3 1 0
github.com/t402-io/t402/services/facilitator/cmd/facilitator/ton_signer.go:428.2,428.34 1 0
github.com/t402-io/t402/services/facilitator/cmd/facilitator/ton_signer.go:428.34,430.3 1 0
github.com/t402-io/t402/services/facilitator/cmd/facilitator/ton_signer.go:433.2,433.83 1 0
github.com/t402-io/t402/services/facilitator/cmd/facilitator/ton_signer.go:433.83,434.33 1 0
github.com/t402-io/t402/services/facilitator/cmd/facilitator/ton_signer.go:435.16,436.24 1 0
github.com/t402-io/t402/services/facilitator/cmd/facilitator/ton_signer.go:437.15,439.34 1 0
github.com/t402-io/t402/services/facilitator/cmd/facilitator/ton_signer.go:439.34,441.5 1 0
github.com/t402-io/t402/services/facilitator/cmd/facilitator/ton_signer.go:442.4,443.18 2 0
github.com/t402-io/t402/services/facilitator/cmd/facilitator/ton_signer.go:443.18,445.5 1 0
github.com/t402-io/t402/services/facilitator/cmd/facilitator/ton_signer.go:449.2,449.15 1 0
github.com/t402-io/t402/services/facilitator/cmd/facilitator/ton_signer.go:452.110,456.16 2 0
github.com/t402-io/t402/services/facilitator/cmd/facilitator/ton_signer.go:456.16,458.3 1 0
github.com/t402-io/t402/services/facilitator/cmd/facilitator/ton_signer.go:460.2,463.58 2 0
github.com/t402-io/t402/services/facilitator/cmd/facilitator/ton_signer.go:463.58,465.3 1 0
github.com/t402-io/t402/services/facilitator/cmd/facilitator/ton_signer.go:467.2,467.40 1 0
github.com/t402-io/t402/services/facilitator/cmd/facilitator/tron_signer.go:28.104,29.25 1 1
github.com/t402-io/t402/services/facilitator/cmd/facilitator/tron_signer.go:29.25,31.3 1 1
github.com/t402-io/t402/services/facilitator/cmd/facilitator/tron_signer.go:34.2,38.16 3 1
github.com/t402-io/t402/services/facilitator/cmd/facilitator/tron_signer.go:38.16,40.3 1 1
github.com/t402-io/t402/services/facilitator/cmd/facilitator/tron_signer.go:42.2,43.16 2 1
github.com/t402-io/t402/services/facilitator/cmd/facilitator/tron_signer.go:43.16,45.3 1 0
github.com/t402-io/t402/services/facilitator/cmd/facilitator/tron_signer.go:48.2,57.22 3 1
github.com/t402-io/t402/services/facilitator/cmd/facilitator/tron_signer.go:57.22,60.3 2 1
github.com/t402-io/t402/services/facilitator/cmd/facilitator/tron_signer.go:60.8,64.3 2 1
github.com/t402-io/t402/services/facilitator/cmd/facilitator/tron_signer.go:67.2,74.20 5 1
github.com/t402-io/t402/services/facilitator/cmd/facilitator/tron_signer.go:78.58,87.2 3 1
github.com/t402-io/t402/services/facilitator/cmd/facilitator/tron_signer.go:90.44,101.2 5 1
github.com/t402-io/t402/services/facilitator/cmd/facilitator/tron_signer.go:104.39,115.22 7 1
github.com/t402-io/t402/services/facilitator/cmd/facilitator/tron_signer.go:115.22,118.3 2 1
github.com/t402-io/t402/services/facilitator/cmd/facilitator/tron_signer.go:121.2,121.25 1 1
github.com/t402-io/t402/services/facilitator/cmd/facilitator/tron_signer.go:121.25,122.13 1 1
github.com/t402-io/t402/services/facilitator/cmd/facilitator/tron_signer.go:122.13,123.9 1 1
github.com/t402-io/t402/services/facilitator/cmd/facilitator/tron_signer.go:125.3,125.50 1 1
github.com/t402-io/t402/services/facilitator/cmd/facilitator/tron_signer.go:128.2,128.23 1 1
github.com/t402-io/t402/services/facilitator/cmd/facilitator/tron_signer.go:131.92,132.42 1 1
github.com/t402-io/t402/services/facilitator/cmd/facilitator/tron_signer.go:132.42,134.3 1 1
github.com/t402-io/t402/services/facilitator/cmd/facilitator/tron_signer.go:136.2,137.35 2 1
github.com/t402-io/t402/services/facilitator/cmd/facilitator/tron_signer.go:137.35,139.3 1 1
github.com/t402-io/t402/services/facilitator/cmd/facilitator/tron_signer.go:140.2,140.14 1 1
github.com/t402-io/t402/services/facilitator/cmd/facilitator/tron_signer.go:143.77,144.46 1 0
github.com/t402-io/t402/services/facilitator/cmd/facilitator/tron_signer.go:144.46,146.3 1 0
github.com/t402-io/t402/services/facilitator/cmd/facilitator/tron_signer.go:147.2,148.16 2 0
github.com/t402-io/t402/services/facilitator/cmd/facilitator/tron_signer.go:148.16,150.3 1 0
github.com/t402-io/t402/services/facilitator/cmd/facilitator/tron_signer.go:151.2,151.29 1 0
github.com/t402-io/t402/services/facilitator/cmd/facilitator/tron_signer.go:155.152,157.16 2 0
github.com/t402-io/t402/services/facilitator/cmd/facilitator/tron_signer.go:157.16,159.3 1 0
github.com/t402-io/t402/services/facilitator/cmd/facilitator/tron_signer.go:161.2,164.17 3 0
github.com/t402-io/t402/services/facilitator/cmd/facilitator/tron_signer.go:164.17,166.17 2 0
github.com/t402-io/t402/services/facilitator/cmd/facilitator/tron_signer.go:166.17,168.4 1 0
github.com/t402-io/t402/services/facilitator/cmd/facilitator/tron_signer.go:169.3,169.38 1 0
github.com/t402-io/t402/services/facilitator/cmd/facilitator/tron_signer.go:172.2,173.16 2 0
github.com/t402-io/t402/services/facilitator/cmd/facilitator/tron_signer.go:173.16,175.3 1 0
github.com/t402-io/t402/services/facilitator/cmd/facilitator/tron_signer.go:176.2,181.16 5 0
github.com/t402-io/t402/services/facilitator/cmd/facilitator/tron_signer.go:181.16,183.3 1 0
github.com/t402-io/t402/services/facilitator/cmd/facilitator/tron_signer.go:184.2,187.16 3 0
github.com/t402-io/t402/services/facilitator/cmd/facilitator/tron_signer.go:187.16,189.3 1 0
github.com/t402-io/t402/services/facilitator/cmd/facilitator/tron_signer.go:191.2,191.22 1 0
github.com/t402-io/t402/services/facilitator/cmd/facilitator/tron_signer.go:194.111,198.16 2 0
github.com/t402-io/t402/services/facilitator/cmd/facilitator/tron_signer.go:198.16,200.3 1 0
github.com/t402-io/t402/services/facilitator/cmd/facilitator/tron_signer.go:203.2,212.16 3 0
github.com/t402-io/t402/services/facilitator/cmd/facilitator/tron_signer.go:212.16,214.3 1 0
github.com/t402-io/t402/services/facilitator/cmd/facilitator/tron_signer.go:216.2,222.63 2 0
github.com/t402-io/t402/services/facilitator/cmd/facilitator/tron_signer.go:222.63,224.3 1 0
github.com/t402-io/t402/services/facilitator/cmd/facilitator/tron_signer.go:226.2,226.76 1 0
github.com/t402-io/t402/services/facilitator/cmd/facilitator/tron_signer.go:226.76,228.3 1 0
github.com/t402-io/t402/services/facilitator/cmd/facilitator/tron_signer.go:231.2,235.30 4 0
github.com/t402-io/t402/services/facilitator/cmd/facilitator/tron_signer.go:238.144,241.16 2 0
github.com/t402-io/t402/services/facilitator/cmd/facilitator/tron_signer.go:241.16,246.3 1 0
github.com/t402-io/t402/services/facilitator/cmd/facilitator/tron_signer.go:249.2,249.24 1 0
github.com/t402-io/t402/services/facilitator/cmd/facilitator/tron_signer.go:249.24,254.3 1 0
github.com/t402-io/t402/services/facilitator/cmd/facilitator/tron_signer.go:260.2,262.8 1 0
github.com/t402-io/t402/services/facilitator/cmd/facilitator/tron_signer.go:265.133,269.16 2 0
github.com/t402-io/t402/services/facilitator/cmd/facilitator/tron_signer.go:269.16,271.3 1 0
github.com/t402-io/t402/services/facilitator/cmd/facilitator/tron_signer.go:273.2,279.65 2 0
github.com/t402-io/t402/services/facilitator/cmd/facilitator/tron_signer.go:279.65,281.3 1 0
github.com/t402-io/t402/services/facilitator/cmd/facilitator/tron_signer.go:283.2,283.29 1 0
github.com/t402-io/t402/services/facilitator/cmd/facilitator/tron_signer.go:283.29,285.16 2 0
github.com/t402-io/t402/services/facilitator/cmd/facilitator/tron_signer.go:285.16,287.4 1 0
github.com/t402-io/t402/services/facilitator/cmd/facilitator/tron_signer.go:288.3,288.53 1 0
github.com/t402-io/t402/services/facilitator/cmd/facilitator/tron_signer.go:291.2,291.34 1 0
github.com/t402-io/t402/services/facilitator/cmd/facilitator/tron_signer.go:294.150,296.18 2 0
github.com/t402-io/t402/services/facilitator/cmd/facilitator/tron_signer.go:296.18,298.3 1 0
github.com/t402-io/t402/services/facilitator/cmd/facilitator/tron_signer.go:300.2,303.34 3 0
github.com/t402-io/t402/services/facilitator/cmd/facilitator/tron_signer.go:303.34,308.17 2 0
github.com/t402-io/t402/services/facilitator/cmd/facilitator/tron_signer.go:308.17,315.79 2 0
github.com/t402-io/t402/services/facilitator/cmd/facilitator/tron_signer.go:315.79,318.70 2 0
github.com/t402-io/t402/services/facilitator/cmd/facilitator/tron_signer.go:318.70,320.6 1 0
github.com/t402-io/t402/services/facilitator/cmd/facilitator/tron_signer.go:321.5,324.11 1 0
github.com/t402-io/t402/services/facilitator/cmd/facilitator/tron_signer.go:328.3,328.10 1 0
github.com/t402-io/t402/services/facilitator/cmd/facilitator/tron_signer.go:329.21,333.10 1 0
github.com/t402-io/t402/services/facilitator/cmd/facilitator/tron_signer.go:334.31,335.12 1 0
github.com/t402-io/t402/services/facilitator/cmd/facilitator/tron_signer.go:339.2,342.8 1 0
github.com/t402-io/t402/services/facilitator/cmd/facilitator/tron_signer.go:345.112,350.16 2 0
github.com/t402-io/t402/services/facilitator/cmd/facilitator/tron_signer.go:350.16,352.3 1 0
github.com/t402-io/t402/services/facilitator/cmd/facilitator/tron_signer.go:354.2,357.61 2 0
github.com/t402-io/t402/services/facilitator/cmd/facilitator/tron_signer.go:357.61,359.3 1 0
github.com/t402-io/t402/services/facilitator/cmd/facilitator/tron_signer.go:362.2,362.39 1 0
github.com/t402-io/t402/services/facilitator/cmd/facilitator/tron_signer.go:366.55,367.40 1 0
github.com/t402-io/t402/services/facilitator/cmd/facilitator/tron_signer.go:367.40,369.3 1 0
github.com/t402-io/t402/services/facilitator/cmd/facilitator/tron_signer.go:372.2,373.16 2 0
github.com/t402-io/t402/services/facilitator/cmd/facilitator/tron_signer.go:373.16,375.3 1 0
github.com/t402-io/t402/services/facilitator/cmd/facilitator/tron_signer.go:378.2,378.22 1 0
github.com/t402-io/t402/services/facilitator/cmd/facilitator/tron_signer.go:378.22,380.3 1 0
github.com/t402-io/t402/services/facilitator/cmd/facilitator/tron_signer.go:381.2,383.46 2 0
github.com/t402-io/t402/services/facilitator/cmd/facilitator/tron_signer.go:387.49,393.26 4 0
github.com/t402-io/t402/services/facilitator/cmd/facilitator/tron_signer.go:393.26,395.16 2 0
github.com/t402-io/t402/services/facilitator/cmd/facilitator/tron_signer.go:395.16,397.4 1 0
github.com/t402-io/t402/services/facilitator/cmd/facilitator/tron_signer.go:398.3,399.45 2 0
github.com/t402-io/t402/services/facilitator/cmd/facilitator/tron_signer.go:403.2,406.26 2 0
github.com/t402-io/t402/services/facilitator/cmd/facilitator/tron_signer.go:406.26,407.15 1 0
github.com/t402-io/t402/services/facilitator/cmd/facilitator/tron_signer.go:407.15,408.9 1 0
github.com/t402-io/t402/services/facilitator/cmd/facilitator/tron_signer.go:410.3,410.42 1 0
github.com/t402-io/t402/services/facilitator/cmd/facilitator/tron_signer.go:413.2,413.21 1 0
github.com/t402-io/t402/services/facilitator/internal/ratelimit/redis.go:20.93,27.2 1 1
github.com/t402-io/t402/services/facilitator/internal/ratelimit/redis.go:30.83,35.16 3 0
github.com/t402-io/t402/services/facilitator/internal/ratelimit/redis.go:35.16,37.3 1 0
github.com/t402-io/t402/services/facilitator/internal/ratelimit/redis.go:40.2,40.16 1 0
github.com/t402-io/t402/services/facilitator/internal/ratelimit/redis.go:40.16,41.65 1 0
github.com/t402-io/t402/services/facilitator/internal/ratelimit/redis.go:41.65,43.4 1 0
github.com/t402-io/t402/services/facilitator/internal/ratelimit/redis.go:47.2,48.16 2 0
github.com/t402-io/t402/services/facilitator/internal/ratelimit/redis.go:48.16,50.3 1 0
github.com/t402-io/t402/services/facilitator/internal/ratelimit/redis.go:52.2,59.29 2 0
github.com/t402-io/t402/services/facilitator/internal/ratelimit/redis.go:59.29,61.3 1 0
github.com/t402-io/t402/services/facilitator/internal/ratelimit/redis.go:63.2,63.24 1 0
github.com/t402-io/t402/services/facilitator/internal/ratelimit/redis.go:67.24,68.11 1 1
github.com/t402-io/t402/services/facilitator/internal/ratelimit/redis.go:68.11,70.3 1 1
github.com/t402-io/t402/services/facilitator/internal/ratelimit/redis.go:71.2,71.10 1 1
github.com/t402-io/t402/services/facilitator/internal/metrics/prometheus.go:24.21,89.2 3 1
github.com/t402-io/t402/services/facilitator/internal/metrics/prometheus.go:92.48,93.30 1 1
github.com/t402-io/t402/services/facilitator/internal/metrics/prometheus.go:93.30,95.39 1 1
github.com/t402-io/t402/services/facilitator/internal/metrics/prometheus.go:95.39,98.4 2 1
github.com/t402-io/t402/services/facilitator/internal/metrics/prometheus.go:100.3,110.86 8 1
github.com/t402-io/t402/services/facilitator/internal/metrics/prometheus.go:115.70,117.14 2 1
github.com/t402-io/t402/services/facilitator/internal/metrics/prometheus.go:117.14,119.3 1 1
github.com/t402-io/t402/services/facilitator/internal/metrics/prometheus.go:120.2,120.62 1 1
github.com/t402-io/t402/services/facilitator/internal/metrics/prometheus.go:124.70,126.14 2 1
github.com/t402-io/t402/services/facilitator/internal/metrics/prometheus.go:126.14,128.3 1 1
github.com/t402-io/t402/services/facilitator/internal/metrics/prometheus.go:129.2,129.62 1 1
github.com/t402-io/t402/services/facilitator/internal/metrics/prometheus.go:133.63,135.2 1 1
github.com/t402-io/t402/services/facilitator/internal/metrics/prometheus.go:138.57,140.2 1 1
github.com/t402-io/t402/services/facilitator/internal/metrics/prometheus.go:143.45,145.30 2 1
github.com/t402-io/t402/services/facilitator/internal/metrics/prometheus.go:145.30,147.3 1 1
github.com/t402-io/t402/services/facilitator/internal/config/config.go:100.21,192.2 2 1
github.com/t402-io/t402/services/facilitator/internal/config/config.go:195.39,197.2 1 1
github.com/t402-io/t402/services/facilitator/internal/config/config.go:200.38,202.2 1 1
github.com/t402-io/t402/services/facilitator/internal/config/config.go:206.46,207.42 1 1
github.com/t402-io/t402/services/facilitator/internal/config/config.go:207.42,209.3 1 1
github.com/t402-io/t402/services/facilitator/internal/config/config.go:210.2,210.21 1 1
github.com/t402-io/t402/services/facilitator/internal/config/config.go:213.50,214.42 1 1
github.com/t402-io/t402/services/facilitator/internal/config/config.go:214.42,215.55 1 1
github.com/t402-io/t402/services/facilitator/internal/config/config.go:215.55,217.4 1 1
github.com/t402-io/t402/services/facilitator/internal/config/config.go:219.2,219.21 1 1
github.com/t402-io/t402/services/facilitator/internal/config/config.go:222.53,223.42 1 1
github.com/t402-io/t402/services/facilitator/internal/config/config.go:223.42,225.3 1 1
github.com/t402-io/t402/services/facilitator/internal/config/config.go:226.2,226.21 1 1
github.com/t402-io/t402/services/facilitator/internal/cache/redis.go:17.50,19.16 2 0
github.com/t402-io/t402/services/facilitator/internal/cache/redis.go:19.16,21.3 1 0
github.com/t402-io/t402/services/facilitator/internal/cache/redis.go:23.2,29.47 4 0
github.com/t402-io/t402/services/facilitator/internal/cache/redis.go:29.47,31.3 1 0
github.com/t402-io/t402/services/facilitator/internal/cache/redis.go:33.2,33.37 1 0
github.com/t402-io/t402/services/facilitator/internal/cache/redis.go:37.61,39.16 2 1
github.com/t402-io/t402/services/facilitator/internal/cache/redis.go:39.16,41.3 1 1
github.com/t402-io/t402/services/facilitator/internal/cache/redis.go:43.2,47.19 2 1
github.com/t402-io/t402/services/facilitator/internal/cache/redis.go:47.19,49.44 2 1
github.com/t402-io/t402/services/facilitator/internal/cache/redis.go:49.44,51.4 1 1
github.com/t402-io/t402/services/facilitator/internal/cache/redis.go:54.2,54.18 1 1
github.com/t402-io/t402/services/facilitator/internal/cache/redis.go:58.71,60.2 1 0
github.com/t402-io/t402/services/facilitator/internal/cache/redis.go:63.99,65.2 1 0
github.com/t402-io/t402/services/facilitator/internal/cache/redis.go:68.71,70.2 1 0
github.com/t402-io/t402/services/facilitator/internal/cache/redis.go:73.83,75.2 1 0
github.com/t402-io/t402/services/facilitator/internal/cache/redis.go:78.78,80.2 1 0
github.com/t402-io/t402/services/facilitator/internal/cache/redis.go:83.68,85.2 1 0
github.com/t402-io/t402/services/facilitator/internal/cache/redis.go:88.72,91.2 2 0
github.com/t402-io/t402/services/facilitator/internal/cache/redis.go:94.50,96.2 1 0
github.com/t402-io/t402/services/facilitator/internal/cache/redis.go:99.32,101.2 1 0
github.com/t402-io/t402/services/facilitator/internal/errors/codes.go:86.35,87.21 1 1
github.com/t402-io/t402/services/facilitator/internal/errors/codes.go:87.21,89.3 1 1
github.com/t402-io/t402/services/facilitator/internal/errors/codes.go:90.2,90.50 1 1
github.com/t402-io/t402/services/facilitator/internal/errors/codes.go:94.37,95.19 1 1
github.com/t402-io/t402/services/facilitator/internal/errors/codes.go:96.11,97.31 1 1
github.com/t402-io/t402/services/facilitator/internal/errors/codes.go:98.11,99.31 1 1
github.com/t402-io/t402/services/facilitator/internal/errors/codes.go:99.31,101.4 1 1
github.com/t402-io/t402/services/facilitator/internal/errors/codes.go:102.3,102.40 1 1
github.com/t402-io/t402/services/facilitator/internal/errors/codes.go:103.11,104.70 1 1
github.com/t402-io/t402/services/facilitator/internal/errors/codes.go:104.70,106.4 1 1
github.com/t402-io/t402/services/facilitator/internal/errors/codes.go:107.3,107.40 1 1
github.com/t402-io/t402/services/facilitator/internal/errors/codes.go:108.11,109.31 1 1
github.com/t402-io/t402/services/facilitator/internal/errors/codes.go:110.11,111.31 1 1
github.com/t402-io/t402/services/facilitator/internal/errors/codes.go:112.10,113.40 1 1
github.com/t402-io/t402/services/facilitator/internal/errors/codes.go:119.55,126.2 1 1
github.com/t402-io/t402/services/facilitator/internal/errors/codes.go:128.57,135.2 1 1
github.com/t402-io/t402/services/facilitator/internal/errors/codes.go:137.59,144.2 1 1
github.com/t402-io/t402/services/facilitator/internal/errors/codes.go:146.57,153.2 1 1
github.com/t402-io/t402/services/facilitator/internal/errors/codes.go:155.66,162.2 1 1
github.com/t402-io/t402/services/facilitator/internal/errors/codes.go:164.38,171.2 1 1
github.com/t402-io/t402/services/facilitator/internal/errors/codes.go:173.49,180.2 1 1
github.com/t402-io/t402/services/facilitator/internal/errors/codes.go:182.59,189.2 1 1
github.com/t402-io/t402/services/facilitator/internal/errors/codes.go:191.41,198.2 1 1
github.com/t402-io/t402/services/facilitator/internal/errors/codes.go:200.60,207.2 1 1
github.com/t402-io/t402/services/facilitator/internal/auth/apikey.go:39.50,41.29 1 1
github.com/t402-io/t402/services/facilitator/internal/auth/apikey.go:41.29,43.3 1 1
github.com/t402-io/t402/services/facilitator/internal/auth/apikey.go:44.2,44.34 1 1
github.com/t402-io/t402/services/facilitator/internal/auth/apikey.go:44.34,45.28 1 1
github.com/t402-io/t402/services/facilitator/internal/auth/apikey.go:45.28,47.4 1 1
github.com/t402-io/t402/services/facilitator/internal/auth/apikey.go:49.2,49.14 1 1
github.com/t402-io/t402/services/facilitator/internal/auth/apikey.go:53.35,54.26 1 1
github.com/t402-io/t402/services/facilitator/internal/auth/apikey.go:54.26,56.3 1 1
github.com/t402-io/t402/services/facilitator/internal/auth/apikey.go:57.2,57.38 1 1
github.com/t402-io/t402/services/facilitator/internal/auth/apikey.go:69.47,75.2 1 1
github.com/t402-io/t402/services/facilitator/internal/auth/apikey.go:78.54,79.20 1 1
github.com/t402-io/t402/services/facilitator/internal/auth/apikey.go:79.20,81.3 1 1
github.com/t402-io/t402/services/facilitator/internal/auth/apikey.go:83.2,84.29 2 1
github.com/t402-io/t402/services/facilitator/internal/auth/apikey.go:84.29,86.40 2 1
github.com/t402-io/t402/services/facilitator/internal/auth/apikey.go:86.40,87.12 1 1
github.com/t402-io/t402/services/facilitator/internal/auth/apikey.go:90.3,92.40 3 1
github.com/t402-io/t402/services/facilitator/internal/auth/apikey.go:92.40,94.4 1 1
github.com/t402-io/t402/services/facilitator/internal/auth/apikey.go:96.3,105.16 4 1
github.com/t402-io/t402/services/facilitator/internal/auth/apikey.go:108.2,108.12 1 1
github.com/t402-io/t402/services/facilitator/internal/auth/apikey.go:112.84,113.18 1 1
github.com/t402-io/t402/services/facilitator/internal/auth/apikey.go:113.18,115.3 1 1
github.com/t402-io/t402/services/facilitator/internal/auth/apikey.go:117.2,124.13 5 1
github.com/t402-io/t402/services/facilitator/internal/auth/apikey.go:124.13,127.20 2 1
github.com/t402-io/t402/services/facilitator/internal/auth/apikey.go:127.20,129.4 1 1
github.com/t402-io/t402/services/facilitator/internal/auth/apikey.go:133.2,133.20 1 1
github.com/t402-io/t402/services/facilitator/internal/auth/apikey.go:133.20,135.3 1 1
github.com/t402-io/t402/services/facilitator/internal/auth/apikey.go:138.2,138.24 1 1
github.com/t402-io/t402/services/facilitator/internal/auth/apikey.go:138.24,140.3 1 1
github.com/t402-io/t402/services/facilitator/internal/auth/apikey.go:143.2,145.20 2 1
github.com/t402-io/t402/services/facilitator/internal/auth/apikey.go:149.150,152.16 2 1
github.com/t402-io/t402/services/facilitator/internal/auth/apikey.go:152.16,154.3 1 0
github.com/t402-io/t402/services/facilitator/internal/auth/apikey.go:156.2,157.19 2 1
github.com/t402-io/t402/services/facilitator/internal/auth/apikey.go:157.19,159.3 1 1
github.com/t402-io/t402/services/facilitator/internal/auth/apikey.go:161.2,172.51 2 1
github.com/t402-io/t402/services/facilitator/internal/auth/apikey.go:172.51,174.3 1 0
github.com/t402-io/t402/services/facilitator/internal/auth/apikey.go:177.2,181.28 4 1
github.com/t402-io/t402/services/facilitator/internal/auth/apikey.go:185.70,189.32 3 1
github.com/t402-io/t402/services/facilitator/internal/auth/apikey.go:189.32,190.22 1 1
github.com/t402-io/t402/services/facilitator/internal/auth/apikey.go:190.22,194.4 3 1
github.com/t402-io/t402/services/facilitator/internal/auth/apikey.go:197.2,197.25 1 1
github.com/t402-io/t402/services/facilitator/internal/auth/apikey.go:201.40,206.29 4 1
github.com/t402-io/t402/services/facilitator/internal/auth/apikey.go:206.29,208.3 1 1
github.com/t402-io/t402/services/facilitator/internal/auth/apikey.go:209.2,209.13 1 1
github.com/t402-io/t402/services/facilitator/internal/auth/apikey.go:213.37,217.2 3 1
github.com/t402-io/t402/services/facilitator/internal/auth/apikey.go:220.34,222.2 1 1
github.com/t402-io/t402/services/facilitator/internal/auth/apikey.go:225.68,233.2 5 1
github.com/t402-io/t402/services/facilitator/internal/auth/apikey.go:236.74,237.20 1 1
github.com/t402-io/t402/services/facilitator/internal/auth/apikey.go:237.20,239.3 1 1
github.com/t402-io/t402/services/facilitator/internal/auth/apikey.go:241.2,242.16 2 0
github.com/t402-io/t402/services/facilitator/internal/auth/apikey.go:242.16,244.3 1 0
github.com/t402-io/t402/services/facilitator/internal/auth/apikey.go:246.2,247.47 2 0
github.com/t402-io/t402/services/facilitator/internal/auth/apikey.go:251.86,252.20 1 1
github.com/t402-io/t402/services/facilitator/internal/auth/apikey.go:252.20,254.3 1 1
github.com/t402-io/t402/services/facilitator/internal/auth/apikey.go:256.2,258.16 3 0
github.com/t402-io/t402/services/facilitator/internal/auth/apikey.go:258.16,260.3 1 0
github.com/t402-io/t402/services/facilitator/internal/auth/apikey.go:262.2,263.62 2 0
github.com/t402-io/t402/services/facilitator/internal/auth/apikey.go:263.62,265.3 1 0
github.com/t402-io/t402/services/facilitator/internal/auth/apikey.go:267.2,267.21 1 0
github.com/t402-io/t402/services/facilitator/internal/auth/apikey.go:271.33,274.2 2 1
github.com/t402-io/t402/services/facilitator/internal/auth/apikey.go:277.29,281.2 3 1
github.com/t402-io/t402/services/facilitator/internal/auth/apikey.go:284.52,286.40 2 1
github.com/t402-io/t402/services/facilitator/internal/auth/apikey.go:286.40,288.3 1 0
github.com/t402-io/t402/services/facilitator/internal/auth/apikey.go:289.2,289.45 1 1
github.com/t402-io/t402/services/facilitator/internal/auth/apikey.go:293.38,295.2 1 1
github.com/t402-io/t402/services/facilitator/internal/auth/middleware.go:26.30,33.2 1 1
github.com/t402-io/t402/services/facilitator/internal/auth/middleware.go:36.64,37.16 1 1
github.com/t402-io/t402/services/facilitator/internal/auth/middleware.go:37.16,39.3 1 1
github.com/t402-io/t402/services/facilitator/internal/auth/middleware.go:41.2,41.30 1 1
github.com/t402-io/t402/services/facilitator/internal/auth/middleware.go:41.30,44.42 2 1
github.com/t402-io/t402/services/facilitator/internal/auth/middleware.go:44.42,45.65 1 1
github.com/t402-io/t402/services/facilitator/internal/auth/middleware.go:45.65,48.5 2 1
github.com/t402-io/t402/services/facilitator/internal/auth/middleware.go:52.3,52.42 1 1
github.com/t402-io/t402/services/facilitator/internal/auth/middleware.go:52.42,55.4 2 1
github.com/t402-io/t402/services/facilitator/internal/auth/middleware.go:58.3,59.19 2 1
github.com/t402-io/t402/services/facilitator/internal/auth/middleware.go:59.19,61.4 1 1
github.com/t402-io/t402/services/facilitator/internal/auth/middleware.go:64.3,64.19 1 1
github.com/t402-io/t402/services/facilitator/internal/auth/middleware.go:64.19,66.42 2 1
github.com/t402-io/t402/services/facilitator/internal/auth/middleware.go:66.42,68.5 1 1
github.com/t402-io/t402/services/facilitator/internal/auth/middleware.go:72.3,72.19 1 1
github.com/t402-io/t402/services/facilitator/internal/auth/middleware.go:72.19,73.41 1 1
github.com/t402-io/t402/services/facilitator/internal/auth/middleware.go:73.41,79.5 2 1
github.com/t402-io/t402/services/facilitator/internal/auth/middleware.go:80.4,81.10 2 0
github.com/t402-io/t402/services/facilitator/internal/auth/middleware.go:85.3,86.17 2 1
github.com/t402-io/t402/services/facilitator/internal/auth/middleware.go:86.17,90.15 3 1
github.com/t402-io/t402/services/facilitator/internal/auth/middleware.go:91.26,92.36 1 1
github.com/t402-io/t402/services/facilitator/internal/auth/middleware.go:93.26,94.41 1 1
github.com/t402-io/t402/services/facilitator/internal/auth/middleware.go:97.4,101.10 2 1
github.com/t402-io/t402/services/facilitator/internal/auth/middleware.go:105.3,106.41 2 1
github.com/t402-io/t402/services/facilitator/internal/auth/middleware.go:106.41,112.4 2 1
github.com/t402-io/t402/services/facilitator/internal/auth/middleware.go:115.3,119.11 4 1
github.com/t402-io/t402/services/facilitator/internal/auth/middleware.go:124.55,125.14 1 1
github.com/t402-io/t402/services/facilitator/internal/auth/middleware.go:126.17,127.18 1 1
github.com/t402-io/t402/services/facilitator/internal/auth/middleware.go:128.17,129.18 1 1
github.com/t402-io/t402/services/facilitator/internal/auth/middleware.go:130.20,131.21 1 1
github.com/t402-io/t402/services/facilitator/internal/auth/middleware.go:132.10,133.16 1 1
github.com/t402-io/t402/services/facilitator/internal/auth/middleware.go:138.38,139.47 1 1
github.com/t402-io/t402/services/facilitator/internal/auth/middleware.go:139.47,141.3 1 1
github.com/t402-io/t402/services/facilitator/internal/auth/middleware.go:142.2,142.11 1 1
github.com/t402-io/t402/services/facilitator/internal/auth/middleware.go:146.40,147.51 1 1
github.com/t402-io/t402/services/facilitator/internal/auth/middleware.go:147.51,149.3 1 1
github.com/t402-io/t402/services/facilitator/internal/auth/middleware.go:150.2,150.11 1 1
github.com/t402-io/t402/services/facilitator/internal/auth/middleware.go:154.42,155.58 1 1
github.com/t402-io/t402/services/facilitator/internal/auth/middleware.go:155.58,157.3 1 1
github.com/t402-io/t402/services/facilitator/internal/auth/middleware.go:158.2,158.10 1 1
github.com/t402-io/t402/services/facilitator/internal/health/health.go:43.63,48.2 1 1
github.com/t402-io/t402/services/facilitator/internal/health/health.go:51.51,52.30 1 1
github.com/t402-io/t402/services/facilitator/internal/health/health.go:52.30,57.3 1 1
github.com/t402-io/t402/services/facilitator/internal/health/health.go:61.50,62.30 1 1
github.com/t402-io/t402/services/facilitator/internal/health/health.go:62.30,70.37 6 1
github.com/t402-io/t402/services/facilitator/internal/health/health.go:70.37,72.4 1 1
github.com/t402-io/t402/services/facilitator/internal/health/health.go:74.3,78.5 1 1
github.com/t402-io/t402/services/facilitator/internal/health/health.go:83.58,89.12 4 1
github.com/t402-io/t402/services/facilitator/internal/health/health.go:89.12,92.3 2 1
github.com/t402-io/t402/services/facilitator/internal/health/health.go:95.2,95.12 1 1
github.com/t402-io/t402/services/facilitator/internal/health/health.go:95.12,98.3 2 1
github.com/t402-io/t402/services/facilitator/internal/health/health.go:101.2,102.32 2 1
github.com/t402-io/t402/services/facilitator/internal/health/health.go:102.32,104.3 1 1
github.com/t402-io/t402/services/facilitator/internal/health/health.go:106.2,106.15 1 1
github.com/t402-io/t402/services/facilitator/internal/health/health.go:110.57,113.20 2 1
github.com/t402-io/t402/services/facilitator/internal/health/health.go:113.20,117.3 3 1
github.com/t402-io/t402/services/facilitator/internal/health/health.go:119.2,119.42 1 0
github.com/t402-io/t402/services/facilitator/internal/health/health.go:119.42,123.3 3 0
github.com/t402-io/t402/services/facilitator/internal/health/health.go:125.2,126.14 2 0
github.com/t402-io/t402/services/facilitator/internal/health/health.go:130.65,134.31 3 1
github.com/t402-io/t402/services/facilitator/internal/health/health.go:134.31,135.23 1 1
github.com/t402-io/t402/services/facilitator/internal/health/health.go:136.24,137.23 1 1
github.com/t402-io/t402/services/facilitator/internal/health/health.go:138.23,139.22 1 1
github.com/t402-io/t402/services/facilitator/internal/health/health.go:143.2,143.18 1 1
github.com/t402-io/t402/services/facilitator/internal/health/health.go:143.18,145.3 1 1
github.com/t402-io/t402/services/facilitator/internal/health/health.go:146.2,146.17 1 1
github.com/t402-io/t402/services/facilitator/internal/health/health.go:146.17,148.3 1 1
github.com/t402-io/t402/services/facilitator/internal/health/health.go:149.2,149.22 1 1
github.com/t402-io/t402/services/facilitator/internal/server/handlers.go:24.47,26.47 2 1
github.com/t402-io/t402/services/facilitator/internal/server/handlers.go:26.47,32.3 2 1
github.com/t402-io/t402/services/facilitator/internal/server/handlers.go:35.2,44.16 3 1
github.com/t402-io/t402/services/facilitator/internal/server/handlers.go:44.16,51.3 3 1
github.com/t402-io/t402/services/facilitator/internal/server/handlers.go:54.2,56.31 2 1
github.com/t402-io/t402/services/facilitator/internal/server/handlers.go:60.47,62.47 2 1
github.com/t402-io/t402/services/facilitator/internal/server/handlers.go:62.47,68.3 2 1
github.com/t402-io/t402/services/facilitator/internal/server/handlers.go:71.2,80.16 3 1
github.com/t402-io/t402/services/facilitator/internal/server/handlers.go:80.16,87.3 3 1
github.com/t402-io/t402/services/facilitator/internal/server/handlers.go:90.2,93.21 3 1
github.com/t402-io/t402/services/facilitator/internal/server/handlers.go:93.21,95.3 1 1
github.com/t402-io/t402/services/facilitator/internal/server/handlers.go:97.2,97.24 1 1
github.com/t402-io/t402/services/facilitator/internal/server/handlers.go:101.50,104.2 2 1
github.com/t402-io/t402/services/facilitator/internal/server/handlers.go:107.74,112.59 2 1
github.com/t402-io/t402/services/facilitator/internal/server/handlers.go:112.59,114.3 1 1
github.com/t402-io/t402/services/facilitator/internal/server/handlers.go:115.2,115.32 1 1
github.com/t402-io/t402/services/facilitator/internal/server/handlers.go:119.47,121.2 1 0
github.com/t402-io/t402/services/facilitator/internal/server/middleware.go:17.44,18.30 1 1
github.com/t402-io/t402/services/facilitator/internal/server/middleware.go:18.30,20.22 2 1
github.com/t402-io/t402/services/facilitator/internal/server/middleware.go:20.22,22.4 1 1
github.com/t402-io/t402/services/facilitator/internal/server/middleware.go:23.3,25.11 3 1
github.com/t402-io/t402/services/facilitator/internal/server/middleware.go:31.33,33.40 2 1
github.com/t402-io/t402/services/facilitator/internal/server/middleware.go:33.40,36.3 1 0
github.com/t402-io/t402/services/facilitator/internal/server/middleware.go:37.2,37.30 1 1
github.com/t402-io/t402/services/facilitator/internal/server/middleware.go:41.42,42.30 1 1
github.com/t402-io/t402/services/facilitator/internal/server/middleware.go:42.30,59.3 7 1
github.com/t402-io/t402/services/facilitator/internal/server/middleware.go:64.60,69.15 3 1
github.com/t402-io/t402/services/facilitator/internal/server/middleware.go:69.15,70.61 1 1
github.com/t402-io/t402/services/facilitator/internal/server/middleware.go:70.61,72.20 2 1
github.com/t402-io/t402/services/facilitator/internal/server/middleware.go:72.20,74.5 1 1
github.com/t402-io/t402/services/facilitator/internal/server/middleware.go:78.2,78.30 1 1
github.com/t402-io/t402/services/facilitator/internal/server/middleware.go:78.30,83.15 3 1
github.com/t402-io/t402/services/facilitator/internal/server/middleware.go:83.15,85.4 1 1
github.com/t402-io/t402/services/facilitator/internal/server/middleware.go:85.9,85.32 1 1
github.com/t402-io/t402/services/facilitator/internal/server/middleware.go:85.32,87.4 1 1
github.com/t402-io/t402/services/facilitator/internal/server/middleware.go:87.9,87.26 1 1
github.com/t402-io/t402/services/facilitator/internal/server/middleware.go:87.26,90.4 1 0
github.com/t402-io/t402/services/facilitator/internal/server/middleware.go:90.9,94.4 1 1
github.com/t402-io/t402/services/facilitator/internal/server/middleware.go:96.3,96.24 1 1
github.com/t402-io/t402/services/facilitator/internal/server/middleware.go:96.24,98.17 2 1
github.com/t402-io/t402/services/facilitator/internal/server/middleware.go:98.17,101.5 1 1
github.com/t402-io/t402/services/facilitator/internal/server/middleware.go:104.3,108.36 4 1
github.com/t402-io/t402/services/facilitator/internal/server/middleware.go:108.36,109.25 1 1
github.com/t402-io/t402/services/facilitator/internal/server/middleware.go:109.25,111.5 1 1
github.com/t402-io/t402/services/facilitator/internal/server/middleware.go:111.10,113.5 1 1
github.com/t402-io/t402/services/facilitator/internal/server/middleware.go:114.4,114.10 1 1
github.com/t402-io/t402/services/facilitator/internal/server/middleware.go:117.3,117.11 1 1
github.com/t402-io/t402/services/facilitator/internal/server/middleware.go:122.69,123.30 1 1
github.com/t402-io/t402/services/facilitator/internal/server/middleware.go:123.30,126.66 2 1
github.com/t402-io/t402/services/facilitator/internal/server/middleware.go:126.66,129.4 2 1
github.com/t402-io/t402/services/facilitator/internal/server/middleware.go:132.3,135.17 3 1
github.com/t402-io/t402/services/facilitator/internal/server/middleware.go:135.17,139.4 3 1
github.com/t402-io/t402/services/facilitator/internal/server/middleware.go:142.3,146.15 4 1
github.com/t402-io/t402/services/facilitator/internal/server/middleware.go:146.15,153.4 3 1
github.com/t402-io/t402/services/facilitator/internal/server/middleware.go:155.3,155.11 1 1
github.com/t402-io/t402/services/facilitator/internal/server/middleware.go:160.66,161.30 1 1
github.com/t402-io/t402/services/facilitator/internal/server/middleware.go:161.30,163.26 1 1
github.com/t402-io/t402/services/facilitator/internal/server/middleware.go:163.26,166.4 2 1
github.com/t402-io/t402/services/facilitator/internal/server/middleware.go:168.3,169.19 2 1
github.com/t402-io/t402/services/facilitator/internal/server/middleware.go:169.19,171.4 1 1
github.com/t402-io/t402/services/facilitator/internal/server/middleware.go:173.3,173.19 1 1
github.com/t402-io/t402/services/facilitator/internal/server/middleware.go:173.19,178.4 2 1
github.com/t402-io/t402/services/facilitator/internal/server/middleware.go:180.3,180.25 1 1
github.com/t402-io/t402/services/facilitator/internal/server/middleware.go:180.25,185.4 2 1
github.com/t402-io/t402/services/facilitator/internal/server/middleware.go:187.3,187.11 1 1
github.com/t402-io/t402/services/facilitator/internal/server/server.go:50.11,52.24 1 0
github.com/t402-io/t402/services/facilitator/internal/server/server.go:52.24,54.3 1 0
github.com/t402-io/t402/services/facilitator/internal/server/server.go:57.2,63.23 5 0
github.com/t402-io/t402/services/facilitator/internal/server/server.go:63.23,64.62 1 0
github.com/t402-io/t402/services/facilitator/internal/server/server.go:64.62,66.4 1 0
github.com/t402-io/t402/services/facilitator/internal/server/server.go:66.9,68.4 1 0
github.com/t402-io/t402/services/facilitator/internal/server/server.go:72.2,88.10 5 0
github.com/t402-io/t402/services/facilitator/internal/server/server.go:92.36,118.2 10 0
github.com/t402-io/t402/services/facilitator/internal/server/server.go:121.60,122.30 1 0
github.com/t402-io/t402/services/facilitator/internal/server/server.go:122.30,126.51 2 0
github.com/t402-io/t402/services/facilitator/internal/server/server.go:126.51,128.4 1 0
github.com/t402-io/t402/services/facilitator/internal/server/server.go:133.32,145.2 6 0
github.com/t402-io/t402/services/facilitator/internal/server/server.go:148.26,158.12 2 0
github.com/t402-io/t402/services/facilitator/internal/server/server.go:158.12,160.86 2 0
github.com/t402-io/t402/services/facilitator/internal/server/server.go:160.86,162.4 1 0
github.com/t402-io/t402/services/facilitator/internal/server/server.go:166.2,166.21 1 0
github.com/t402-io/t402/services/facilitator/internal/server/server.go:170.36,180.51 7 0
github.com/t402-io/t402/services/facilitator/internal/server/server.go:180.51,182.3 1 0
github.com/t402-io/t402/services/facilitator/internal/server/server.go:184.2,184.31 1 0
